Information: Updating design information... (UID-85)
Warning: Design 'register_file' contains 1 high-fanout nets. A fanout number of 1000 will be used for delay calculations involving these nets. (TIM-134)
 
****************************************
Report : timing
        -path full
        -delay max
        -max_paths 1
Design : register_file
Version: F-2011.09-SP3
Date   : Mon Apr 29 12:24:50 2019
****************************************

 # A fanout number of 1000 was used for high fanout net computations.

Operating Conditions: typical   Library: NangateOpenCellLibrary
Wire Load Model Mode: top

  Startpoint: OUT1_tri_enable_reg[63]
              (rising edge-triggered flip-flop)
  Endpoint: OUT1[63] (output port)
  Path Group: (none)
  Path Type: max

  Des/Clust/Port     Wire Load Model       Library
  ------------------------------------------------
  register_file      5K_hvratio_1_1        NangateOpenCellLibrary

  Point                                    Incr       Path
  -----------------------------------------------------------
  OUT1_tri_enable_reg[63]/CK (DFF_X1)      0.00 #     0.00 r
  OUT1_tri_enable_reg[63]/Q (DFF_X1)       0.09       0.09 r
  OUT1_tri[63]/Z (TBUF_X1)                 0.14       0.23 f
  OUT1[63] (out)                           0.00       0.23 f
  data arrival time                                   0.23
  -----------------------------------------------------------
  (Path is unconstrained)


1
