Loading db file '/home/mariagrazia.graziano/do/libnangate/NangateOpenCellLibrary_typical_ecsm.db'
Information: Propagating switching activity (low effort zero delay simulation). (PWR-6)
Warning: Design has unannotated primary inputs. (PWR-414)
Warning: Design has unannotated sequential cell outputs. (PWR-415)
 
****************************************
Report : power
        -analysis_effort low
Design : completeAdderSynchronous
Version: F-2011.09-SP3
Date   : Sat Jun 15 14:27:43 2019
****************************************


Library(s) Used:

    NangateOpenCellLibrary (File: /home/mariagrazia.graziano/do/libnangate/NangateOpenCellLibrary_typical_ecsm.db)


Operating Conditions: typical   Library: NangateOpenCellLibrary
Wire Load Model Mode: top

Design        Wire Load Model            Library
------------------------------------------------
completeAdderSynchronous
                       5K_hvratio_1_4    NangateOpenCellLibrary


Global Operating Voltage = 1.1  
Power-specific unit information :
    Voltage Units = 1V
    Capacitance Units = 1.000000ff
    Time Units = 1ns
    Dynamic Power Units = 1uW    (derived from V,C,T units)
    Leakage Power Units = 1nW


  Cell Internal Power  = 829.7983 uW   (79%)
  Net Switching Power  = 223.8484 uW   (21%)
                         ---------
Total Dynamic Power    =   1.0536 mW  (100%)

Cell Leakage Power     =  23.1988 uW


                 Internal         Switching           Leakage            Total
Power Group      Power            Power               Power              Power   (   %    )  Attrs
--------------------------------------------------------------------------------------------------
io_pad             0.0000            0.0000            0.0000            0.0000  (   0.00%)
memory             0.0000            0.0000            0.0000            0.0000  (   0.00%)
black_box          0.0000            0.0000            0.0000            0.0000  (   0.00%)
clock_network      0.0000            0.0000            0.0000            0.0000  (   0.00%)
register         600.0298           36.3251        8.8273e+03          645.1824  (  59.91%)
sequential         0.0000            0.0000            0.0000            0.0000  (   0.00%)
combinational    229.7684          187.5232        1.4371e+04          431.6632  (  40.09%)
--------------------------------------------------------------------------------------------------
Total            829.7982 uW       223.8483 uW     2.3199e+04 nW     1.0768e+03 uW
1
