 
****************************************
Report : timing
        -path full
        -delay max
        -max_paths 1
Design : SIPISOALU
Version: F-2011.09-SP3
Date   : Thu May  9 14:41:34 2019
****************************************

Operating Conditions: typical   Library: NangateOpenCellLibrary
Wire Load Model Mode: top

  Startpoint: control/CURRENT_STATE_reg[4]
              (rising edge-triggered flip-flop clocked by CLK)
  Endpoint: PISO_reg[0]
            (rising edge-triggered flip-flop clocked by CLK)
  Path Group: CLK
  Path Type: max

  Des/Clust/Port     Wire Load Model       Library
  ------------------------------------------------
  SIPISOALU          5K_hvratio_1_1        NangateOpenCellLibrary

  Point                                                   Incr       Path
  --------------------------------------------------------------------------
  clock CLK (rise edge)                                   0.00       0.00
  clock network delay (ideal)                             0.00       0.00
  control/CURRENT_STATE_reg[4]/CK (DFFR_X1)               0.00       0.00 r
  control/CURRENT_STATE_reg[4]/Q (DFFR_X1)                0.09       0.09 f
  control/U8/ZN (NOR2_X1)                                 0.04       0.13 r
  control/U13/ZN (AND4_X2)                                0.08       0.22 r
  control/loadC (sipisoAluControl)                        0.00       0.22 r
  U141/ZN (NOR2_X1)                                       0.03       0.25 f
  U139/ZN (NOR2_X1)                                       0.05       0.30 r
  U140/ZN (AOI22_X1)                                      0.03       0.33 f
  U153/ZN (OAI21_X1)                                      0.04       0.37 r
  PISO_reg[0]/D (DFFR_X1)                                 0.01       0.37 r
  data arrival time                                                  0.37

  clock CLK (rise edge)                                   0.41       0.41
  clock network delay (ideal)                             0.00       0.41
  PISO_reg[0]/CK (DFFR_X1)                                0.00       0.41 r
  library setup time                                     -0.04       0.37
  data required time                                                 0.37
  --------------------------------------------------------------------------
  data required time                                                 0.37
  data arrival time                                                 -0.37
  --------------------------------------------------------------------------
  slack (MET)                                                        0.00


1
